[www.blitz.com.br/historia/index.html]
[static.wixstatic.com/media/c2b3bf_6f0b6a1d6ce54aca8246a6fe999b4b71_mv2.png/v1/fill/w_32,h_32,lg_1,usm_0.66_1.00_0.01/c2b3bf_6f0b6a1d6ce54aca8246a6fe999b4b71_mv2.png]
[backblue.gif]
[fade.gif]
[index.html]
[www.blitz.com.br/historia/sitemap.xml]
[www.blitz.com.br/historia/feed.xml]
[www.blitz.com.br/historia/robots.html]
[wix.elfsight.com/a/whatsapp-chat/app.js]
[browser.sentry-cdn.com/4.6.2/bundle.min.js]
[www.blitz.com.br/historia/POST.html]
[static.parastorage.com/unpkg/core-js-bundle@3.2.1/minified.js]
[static.parastorage.com/unpkg/whatwg-fetch@3.0.0/dist/fetch.umd.js]
[static.parastorage.com/services/wix-bolt/1.7146.0/bolt-main/app/bolt-custom-elements.min.js]
[static.parastorage.com/unpkg/requirejs-bolt@2.3.6/requirejs.min.js]
[www.blitz.com.br/_partials/wix-bolt/1.7146.0/node_modules/viewer-platform-worker/dist/wixcode-worker.js]
[static.parastorage.com/services/wix-perf-measure/1.436.0/wix-perf-measure.bundle.min.js]
[static.parastorage.com/services/tag-manager-client/1.282.0/siteTags.bundle.min.js]
[static.parastorage.com/services/skins/2.1229.80/images/wysiwyg/core/themes/base/cursor_zoom_out.png]
[static.parastorage.com/services/skins/2.1229.80/images/wysiwyg/core/themes/base/cursor_zoom_in.png]
[static.wixstatic.com/media/c2b3bf_fe5f49eb656a41a58bca311647c7f721_mv2.jpg/v1/fill/w_480,h_330,al_c,q_80,usm_0.66_1.00_0.01,blur_2/c2b3bf_fe5f49eb656a41a58bca311647c7f721_mv2.jpg]
[static.wixstatic.com/media/c2b3bf_5cb45bb3099f4910ac528d48cb4a833b_mv2.png/v1/fill/w_178,h_44,al_c,usm_0.66_1.00_0.01,blur_3/LOGO_BLITZ_CINZA_edited_edited_edited_pn.png]
[static.wixstatic.com/media/c2b3bf_615fedcfab634ef38fbd36087d9ff32c_mv2.jpg/v1/fill/w_163,h_181,al_c,q_80,usm_0.66_1.00_0.01,blur_2/c2b3bf_615fedcfab634ef38fbd36087d9ff32c_mv2.jpg]
[static.wixstatic.com/media/c2b3bf_f6db806c5a174e1997e7e27aeb7bad32_mv2.jpg/v1/crop/x_0,y_59,w_577,h_381/fill/w_175,h_115,al_c,q_80,usm_0.66_1.00_0.01,blur_2/phil_edited.jpg]
[static.wixstatic.com/media/c2b3bf_71956d8f43f649f39e671751bf0f2495_mv2.jpg/v1/crop/x_0,y_186,w_1063,h_703/fill/w_175,h_115,al_c,q_80,usm_0.66_1.00_0.01,blur_2/Carla.jpg]
[static.wixstatic.com/media/c2b3bf_5e9f52cf94214d5291f2c916cf9e321e_mv2.jpg/v1/crop/x_445,y_186,w_814,h_538/fill/w_175,h_115,al_c,q_80,usm_0.66_1.00_0.01,blur_2/20180122_Blitz_Externas_0949_alta (1)_jp]
[static.wixstatic.com/media/c2b3bf_5e38aaa7001044a99e78bda8ec79477f_mv2.jpg/v1/crop/x_0,y_25,w_558,h_369/fill/w_175,h_115,al_c,q_80,usm_0.66_1.00_0.01,blur_2/milena%20ruivo%201_edited.jpg]
[static.wixstatic.com/media/c2b3bf_6c2eb5e1b26d40ed8ef41096e20d580bf002.jpg/v1/fill/w_144,h_144,al_c,q_80,usm_0.33_1.00_0.00,blur_2/c2b3bf_6c2eb5e1b26d40ed8ef41096e20d580bf002.18.delayed]
[static.wixstatic.com/media/c2b3bf_82b2793ffd69495981dac6f05189a46e_mv2.jpg/v1/crop/x_55,y_74,w_779,h_514/fill/w_175,h_115,al_c,q_80,usm_0.66_1.00_0.01,blur_2/WhatsApp%20Image%202020-05-25%20at%2014_.1]
[www.blitz.com.br/historia/index.html]
[www.blitz.com.br/historia/robots.html]
[www.blitz.com.br/historia/sitemap.html]
[www.blitz.com.br/historia/feed.html]
[www.blitz.com.br/historia/c2b3bf_6c2eb5e1b26d40ed8ef41096e20d580bf001.html]
[www.blitz.com.br/historia/POST.html]
[www.blitz.com.br/historia/c2b3bf_6c2eb5e1b26d40ed8ef41096e20d580bf001.html]
[www.blitz.com.br/historia/c2b3bf_6c2eb5e1b26d40ed8ef41096e20d580bf002.html]
[www.blitz.com.br/historia/c2b3bf_6c2eb5e1b26d40ed8ef41096e20d580bf002.html]
